9.elisp:6:33: In page-delimiter: Duplicated `a' inside character alternative (pos 2)
  "[aa]"
   ..^
9.elisp:7:37: In paragraph-separate: Duplicated `b' inside character alternative (pos 2)
  "[bb]"
   ..^
9.elisp:8:34: In paragraph-start: Duplicated `c' inside character alternative (pos 2)
  "[cc]"
   ..^
9.elisp:9:31: In sentence-end: Duplicated `d' inside character alternative (pos 2)
  "[dd]"
   ..^
9.elisp:10:37: In comment-start-skip: Duplicated `e' inside character alternative (pos 2)
  "[ee]"
   ..^
9.elisp:11:35: In comment-end-skip: Duplicated `f' inside character alternative (pos 2)
  "[ff]"
   ..^
9.elisp:13:25: In sentence-end: Duplicated `g' inside character alternative (pos 2)
  "[gg]"
   ..^
9.elisp:14:50: In paragraph-start: Duplicated `h' inside character alternative (pos 2)
  "[hh]"
   ..^
9.elisp:16:32: In paragraph-separate: Duplicated `i' inside character alternative (pos 2)
  "[ii]"
   ..^
9.elisp:17:28: In page-delimiter: Duplicated `j' inside character alternative (pos 2)
  "[jj]"
   ..^
9.elisp:18:35: In comment-start-skip: Duplicated `k' inside character alternative (pos 2)
  "[kk]"
   ..^
9.elisp:19:33: In comment-end-skip: Duplicated `l' inside character alternative (pos 2)
  "[ll]"
   ..^
9.elisp:22:39: In treesit-sentence-type-regexp: Unescaped literal `+' (pos 0)
  "+0"
   ^
9.elisp:23:35: In treesit-sexp-type-regexp: Unescaped literal `+' (pos 0)
  "+1"
   ^
9.elisp:36:28: In imenu-generic-expression: Unescaped literal `+' (pos 0)
  "+a+"
   ^
9.elisp:37:34: In imenu-generic-expression: Unescaped literal `+' (pos 0)
  "+b+"
   ^
9.elisp:38:45: In treesit-simple-imenu-settings: Unescaped literal `+' (pos 0)
  "+c+"
   ^
9.elisp:41:21: In treesit-simple-imenu-settings: Unescaped literal `+' (pos 0)
  "+d+"
   ^
9.elisp:44:40: In font-lock-keywords (tag): Duplicated `m' inside character alternative (pos 2)
  "[mm]"
   ..^
9.elisp:45:34: In font-lock-keywords (tag): Duplicated `n' inside character alternative (pos 2)
  "[nn]"
   ..^
9.elisp:46:56: In font-lock-keywords (tag): Duplicated `o' inside character alternative (pos 2)
  "[oo]"
   ..^
9.elisp:52:9: In my-font-lock-keywords-2 (beta): Duplicated `q' inside character alternative (pos 2)
  "[qq]"
   ..^
9.elisp:56:9: In font-lock-defaults (alpha): Duplicated `p' inside character alternative (pos 2)
  "[pp]"
   ..^
9.elisp:62:23: In treesit-simple-indent-rules (a): Unescaped literal `+' (pos 0)
  "+e+"
   ^
9.elisp:62:29: In treesit-simple-indent-rules (a): Unescaped literal `+' (pos 0)
  "+f+"
   ^
9.elisp:62:35: In treesit-simple-indent-rules (a): Unescaped literal `+' (pos 0)
  "+g+"
   ^
9.elisp:63:24: In treesit-simple-indent-rules (a): Unescaped literal `+' (pos 0)
  "+h+"
   ^
9.elisp:63:30: In treesit-simple-indent-rules (a): Unescaped literal `+' (pos 0)
  "+i+"
   ^
9.elisp:63:36: In treesit-simple-indent-rules (a): Unescaped literal `+' (pos 0)
  "+j+"
   ^
9.elisp:64:27: In treesit-simple-indent-rules (b): Unescaped literal `+' (pos 0)
  "+k+"
   ^
9.elisp:65:25: In treesit-simple-indent-rules (b): Unescaped literal `+' (pos 0)
  "+l+"
   ^
9.elisp:66:26: In treesit-simple-indent-rules (b): Unescaped literal `+' (pos 0)
  "+m+"
   ^
9.elisp:69:36: In treesit-defun-type-regexp: Unescaped literal `+' (pos 0)
  "+n+"
   ^
9.elisp:70:35: In treesit-defun-type-regexp: Unescaped literal `+' (pos 0)
  "+o+"
   ^
